검증 대상(기본값 후보, ykiho 보유): 330곳

  진행 25/330 (실데이터있음 3, 데이터없음 22, 실패 0)
  진행 50/330 (실데이터있음 4, 데이터없음 46, 실패 0)
  진행 75/330 (실데이터있음 4, 데이터없음 71, 실패 0)
  진행 100/330 (실데이터있음 4, 데이터없음 96, 실패 0)
  진행 125/330 (실데이터있음 4, 데이터없음 121, 실패 0)
  진행 150/330 (실데이터있음 4, 데이터없음 146, 실패 0)
  진행 175/330 (실데이터있음 4, 데이터없음 171, 실패 0)
  진행 200/330 (실데이터있음 6, 데이터없음 194, 실패 0)
  진행 225/330 (실데이터있음 6, 데이터없음 219, 실패 0)
  진행 250/330 (실데이터있음 10, 데이터없음 240, 실패 0)
  진행 275/330 (실데이터있음 10, 데이터없음 265, 실패 0)
  진행 300/330 (실데이터있음 11, 데이터없음 289, 실패 0)
  진행 325/330 (실데이터있음 12, 데이터없음 313, 실패 0)

=== 검증 결과 ===
총 330곳 중
  API에 진료시간 실데이터 있음 (기본값이 아니어야 함): 12곳
  API에도 진료시간 없음 (진짜 미신고 → 기본값 타당): 318곳
  호출 실패: 0곳

saved -> backend/verify_hours_result.md
